C:\Program Files\Microsoft Visual Studio\2022\Community\MSBuild\Microsoft\VC\v170\Microsoft.CppBuild.targets(531,5): warning MSB8028: The intermediate directory (x64\Debug\) contains files shared from another project (NeoGC.vcxproj).  This can lead to incorrect clean and rebuild behavior.
  1690Main.cpp
C:\Program Files (x86)\Windows Kits\10\Include\10.0.22621.0\shared\minwindef.h(130,9): warning C4005: 'APIENTRY': macro redefinition
  (compiling source file '1690Main.cpp')
      C:\glfw-3.4.bin.WIN64\include\GLFW\glfw3.h(123,11):
      see previous definition of 'APIENTRY'
  
C:\Users\goodn\source\repos\Tea1690\NeoGC\VPU.h(242,58): warning C4293: '<<': shift count negative or too big, undefined behavior
  (compiling source file '1690Main.cpp')
  
C:\Users\goodn\source\repos\Tea1690\NeoGC\VPU.h(263,2): warning C4984: 'if constexpr' is a C++17 language extension
  (compiling source file '1690Main.cpp')
  
C:\Users\goodn\source\repos\Tea1690\NeoGC\VPU.h(267,2): warning C4984: 'if constexpr' is a C++17 language extension
  (compiling source file '1690Main.cpp')
  
C:\Users\goodn\source\repos\Tea1690\NeoGC\VPU.h(278,4): warning C4984: 'if constexpr' is a C++17 language extension
  (compiling source file '1690Main.cpp')
  
C:\Users\goodn\source\repos\Tea1690\NeoGC\VPU.h(285,4): warning C4984: 'if constexpr' is a C++17 language extension
  (compiling source file '1690Main.cpp')
  
C:\Users\goodn\source\repos\Tea1690\NeoGC\VPU.h(324,3): warning C4984: 'if constexpr' is a C++17 language extension
  (compiling source file '1690Main.cpp')
  
C:\Users\goodn\source\repos\Tea1690\NeoGC\VPU.h(330,4): warning C4984: 'if constexpr' is a C++17 language extension
  (compiling source file '1690Main.cpp')
  
C:\Users\goodn\source\repos\Tea1690\NeoGC\VPU.h(333,5): warning C4984: 'if constexpr' is a C++17 language extension
  (compiling source file '1690Main.cpp')
  
C:\Users\goodn\source\repos\Tea1690\NeoGC\VPU.h(337,5): warning C4984: 'if constexpr' is a C++17 language extension
  (compiling source file '1690Main.cpp')
  
C:\Users\goodn\source\repos\Tea1690\NeoGC\VPU.h(345,5): warning C4984: 'if constexpr' is a C++17 language extension
  (compiling source file '1690Main.cpp')
  
C:\Users\goodn\source\repos\Tea1690\NeoGC\VPU.h(349,5): warning C4984: 'if constexpr' is a C++17 language extension
  (compiling source file '1690Main.cpp')
  
C:\Users\goodn\source\repos\Tea1690\NeoGC\VPU.h(356,2): warning C4984: 'if constexpr' is a C++17 language extension
  (compiling source file '1690Main.cpp')
  
C:\Users\goodn\source\repos\Tea1690\NeoGC\VPU.h(366,4): warning C4984: 'if constexpr' is a C++17 language extension
  (compiling source file '1690Main.cpp')
  
C:\Users\goodn\source\repos\Tea1690\NeoGC\VPU.h(373,4): warning C4984: 'if constexpr' is a C++17 language extension
  (compiling source file '1690Main.cpp')
  
C:\Users\goodn\source\repos\Tea1690\NeoGC\VPU.h(411,4): warning C4984: 'if constexpr' is a C++17 language extension
  (compiling source file '1690Main.cpp')
  
C:\Users\goodn\source\repos\Tea1690\NeoGC\VPU.h(418,5): warning C4984: 'if constexpr' is a C++17 language extension
  (compiling source file '1690Main.cpp')
  
C:\Users\goodn\source\repos\Tea1690\NeoGC\VPU.h(422,5): warning C4984: 'if constexpr' is a C++17 language extension
  (compiling source file '1690Main.cpp')
  
C:\Users\goodn\source\repos\Tea1690\NeoGC\VPU.h(426,4): warning C4984: 'if constexpr' is a C++17 language extension
  (compiling source file '1690Main.cpp')
  
C:\Users\goodn\source\repos\Tea1690\NeoGC\VPU.h(430,6): warning C4984: 'if constexpr' is a C++17 language extension
  (compiling source file '1690Main.cpp')
  
C:\Users\goodn\source\repos\Tea1690\NeoGC\VPU.h(435,7): warning C4984: 'if constexpr' is a C++17 language extension
  (compiling source file '1690Main.cpp')
  
C:\Users\goodn\source\repos\Tea1690\NeoGC\VPU.h(443,7): warning C4984: 'if constexpr' is a C++17 language extension
  (compiling source file '1690Main.cpp')
  
C:\Users\goodn\source\repos\Tea1690\NeoGC\VPU.h(465,3): warning C4984: 'if constexpr' is a C++17 language extension
  (compiling source file '1690Main.cpp')
  
C:\Users\goodn\source\repos\Tea1690\NeoGC\VPU.h(511,5): warning C4984: 'if constexpr' is a C++17 language extension
  (compiling source file '1690Main.cpp')
  
C:\Users\goodn\source\repos\Tea1690\NeoGC\VPU.h(514,6): warning C4984: 'if constexpr' is a C++17 language extension
  (compiling source file '1690Main.cpp')
  
C:\Users\goodn\source\repos\Tea1690\NeoGC\VPU.h(526,6): warning C4984: 'if constexpr' is a C++17 language extension
  (compiling source file '1690Main.cpp')
  
C:\Users\goodn\source\repos\Tea1690\NeoGC\VPU.h(545,3): warning C4984: 'if constexpr' is a C++17 language extension
  (compiling source file '1690Main.cpp')
  
C:\Users\goodn\source\repos\Tea1690\NeoGC\1690Main.cpp(917,32): warning C4244: '=': conversion from 'std::streamsize' to 'unsigned int', possible loss of data
C:\Users\goodn\source\repos\Tea1690\NeoGC\1690Main.cpp(972,21): warning C4805: '==': unsafe mix of type 'boolean' and type 'bool' in operation
C:\Users\goodn\source\repos\Tea1690\NeoGC\1690Main.cpp(1294,87): warning C4305: 'argument': truncation from 'double' to 'float'
C:\Users\goodn\source\repos\Tea1690\NeoGC\1690Main.cpp(1294,73): warning C4244: 'argument': conversion from 'double' to 'float', possible loss of data
C:\Users\goodn\source\repos\Tea1690\NeoGC\1690Main.cpp(1294,38): warning C4244: 'argument': conversion from 'double' to 'float', possible loss of data
C:\Users\goodn\source\repos\Tea1690\NeoGC\1690Main.cpp(1296,88): warning C4305: 'argument': truncation from 'double' to 'float'
C:\Users\goodn\source\repos\Tea1690\NeoGC\1690Main.cpp(1296,74): warning C4244: 'argument': conversion from 'double' to 'float', possible loss of data
C:\Users\goodn\source\repos\Tea1690\NeoGC\1690Main.cpp(1296,38): warning C4244: 'argument': conversion from 'double' to 'float', possible loss of data
C:\Users\goodn\source\repos\Tea1690\NeoGC\1690Main.cpp(1297,88): warning C4305: 'argument': truncation from 'double' to 'float'
C:\Users\goodn\source\repos\Tea1690\NeoGC\1690Main.cpp(1297,74): warning C4244: 'argument': conversion from 'double' to 'float', possible loss of data
C:\Users\goodn\source\repos\Tea1690\NeoGC\1690Main.cpp(1297,38): warning C4244: 'argument': conversion from 'double' to 'float', possible loss of data
C:\Users\goodn\source\repos\Tea1690\NeoGC\1690Main.cpp(1299,88): warning C4305: 'argument': truncation from 'double' to 'float'
C:\Users\goodn\source\repos\Tea1690\NeoGC\1690Main.cpp(1299,74): warning C4244: 'argument': conversion from 'double' to 'float', possible loss of data
C:\Users\goodn\source\repos\Tea1690\NeoGC\1690Main.cpp(1299,38): warning C4244: 'argument': conversion from 'double' to 'float', possible loss of data
C:\Users\goodn\source\repos\Tea1690\NeoGC\1690Main.cpp(1300,89): warning C4305: 'argument': truncation from 'double' to 'float'
C:\Users\goodn\source\repos\Tea1690\NeoGC\1690Main.cpp(1300,75): warning C4244: 'argument': conversion from 'double' to 'float', possible loss of data
C:\Users\goodn\source\repos\Tea1690\NeoGC\1690Main.cpp(1300,38): warning C4244: 'argument': conversion from 'double' to 'float', possible loss of data
C:\Users\goodn\source\repos\Tea1690\NeoGC\1690Main.cpp(1301,89): warning C4305: 'argument': truncation from 'double' to 'float'
C:\Users\goodn\source\repos\Tea1690\NeoGC\1690Main.cpp(1301,75): warning C4244: 'argument': conversion from 'double' to 'float', possible loss of data
C:\Users\goodn\source\repos\Tea1690\NeoGC\1690Main.cpp(1301,38): warning C4244: 'argument': conversion from 'double' to 'float', possible loss of data
C:\Users\goodn\source\repos\Tea1690\NeoGC\1690Main.cpp(1302,99): warning C4305: 'argument': truncation from 'double' to 'float'
C:\Users\goodn\source\repos\Tea1690\NeoGC\1690Main.cpp(1302,85): warning C4244: 'argument': conversion from 'double' to 'float', possible loss of data
C:\Users\goodn\source\repos\Tea1690\NeoGC\1690Main.cpp(1302,38): warning C4244: 'argument': conversion from 'double' to 'float', possible loss of data
C:\Users\goodn\source\repos\Tea1690\NeoGC\1690Main.cpp(1304,99): warning C4305: 'argument': truncation from 'double' to 'float'
C:\Users\goodn\source\repos\Tea1690\NeoGC\1690Main.cpp(1304,85): warning C4244: 'argument': conversion from 'double' to 'float', possible loss of data
C:\Users\goodn\source\repos\Tea1690\NeoGC\1690Main.cpp(1304,38): warning C4244: 'argument': conversion from 'double' to 'float', possible loss of data
C:\Users\goodn\source\repos\Tea1690\NeoGC\1690Main.cpp(1310,87): warning C4305: 'argument': truncation from 'double' to 'float'
C:\Users\goodn\source\repos\Tea1690\NeoGC\1690Main.cpp(1310,73): warning C4244: 'argument': conversion from 'double' to 'float', possible loss of data
C:\Users\goodn\source\repos\Tea1690\NeoGC\1690Main.cpp(1310,38): warning C4244: 'argument': conversion from 'double' to 'float', possible loss of data
C:\Users\goodn\source\repos\Tea1690\NeoGC\1690Main.cpp(1312,94): warning C4305: 'argument': truncation from 'double' to 'float'
C:\Users\goodn\source\repos\Tea1690\NeoGC\1690Main.cpp(1312,80): warning C4244: 'argument': conversion from 'double' to 'float', possible loss of data
C:\Users\goodn\source\repos\Tea1690\NeoGC\1690Main.cpp(1312,38): warning C4244: 'argument': conversion from 'double' to 'float', possible loss of data
C:\Users\goodn\source\repos\Tea1690\NeoGC\1690Main.cpp(1314,98): warning C4305: 'argument': truncation from 'double' to 'float'
C:\Users\goodn\source\repos\Tea1690\NeoGC\1690Main.cpp(1314,84): warning C4244: 'argument': conversion from 'double' to 'float', possible loss of data
C:\Users\goodn\source\repos\Tea1690\NeoGC\1690Main.cpp(1314,38): warning C4244: 'argument': conversion from 'double' to 'float', possible loss of data
C:\Users\goodn\source\repos\Tea1690\NeoGC\1690Main.cpp(1316,98): warning C4305: 'argument': truncation from 'double' to 'float'
C:\Users\goodn\source\repos\Tea1690\NeoGC\1690Main.cpp(1316,84): warning C4244: 'argument': conversion from 'double' to 'float', possible loss of data
C:\Users\goodn\source\repos\Tea1690\NeoGC\1690Main.cpp(1316,38): warning C4244: 'argument': conversion from 'double' to 'float', possible loss of data
C:\Users\goodn\source\repos\Tea1690\NeoGC\1690Main.cpp(1318,98): warning C4305: 'argument': truncation from 'double' to 'float'
C:\Users\goodn\source\repos\Tea1690\NeoGC\1690Main.cpp(1318,84): warning C4244: 'argument': conversion from 'double' to 'float', possible loss of data
C:\Users\goodn\source\repos\Tea1690\NeoGC\1690Main.cpp(1318,38): warning C4244: 'argument': conversion from 'double' to 'float', possible loss of data
C:\Users\goodn\source\repos\Tea1690\NeoGC\1690Main.cpp(1320,98): warning C4305: 'argument': truncation from 'double' to 'float'
C:\Users\goodn\source\repos\Tea1690\NeoGC\1690Main.cpp(1320,84): warning C4244: 'argument': conversion from 'double' to 'float', possible loss of data
C:\Users\goodn\source\repos\Tea1690\NeoGC\1690Main.cpp(1320,38): warning C4244: 'argument': conversion from 'double' to 'float', possible loss of data
C:\Users\goodn\source\repos\Tea1690\NeoGC\1690Main.cpp(1322,98): warning C4305: 'argument': truncation from 'double' to 'float'
C:\Users\goodn\source\repos\Tea1690\NeoGC\1690Main.cpp(1322,84): warning C4244: 'argument': conversion from 'double' to 'float', possible loss of data
C:\Users\goodn\source\repos\Tea1690\NeoGC\1690Main.cpp(1322,38): warning C4244: 'argument': conversion from 'double' to 'float', possible loss of data
C:\Users\goodn\source\repos\Tea1690\NeoGC\1690Main.cpp(1324,98): warning C4305: 'argument': truncation from 'double' to 'float'
C:\Users\goodn\source\repos\Tea1690\NeoGC\1690Main.cpp(1324,84): warning C4244: 'argument': conversion from 'double' to 'float', possible loss of data
C:\Users\goodn\source\repos\Tea1690\NeoGC\1690Main.cpp(1324,38): warning C4244: 'argument': conversion from 'double' to 'float', possible loss of data
C:\Users\goodn\source\repos\Tea1690\NeoGC\1690Main.cpp(1327,98): warning C4305: 'argument': truncation from 'double' to 'float'
C:\Users\goodn\source\repos\Tea1690\NeoGC\1690Main.cpp(1327,84): warning C4244: 'argument': conversion from 'double' to 'float', possible loss of data
C:\Users\goodn\source\repos\Tea1690\NeoGC\1690Main.cpp(1327,38): warning C4244: 'argument': conversion from 'double' to 'float', possible loss of data
C:\Users\goodn\source\repos\Tea1690\NeoGC\1690Main.cpp(1329,99): warning C4305: 'argument': truncation from 'double' to 'float'
C:\Users\goodn\source\repos\Tea1690\NeoGC\1690Main.cpp(1329,85): warning C4244: 'argument': conversion from 'double' to 'float', possible loss of data
C:\Users\goodn\source\repos\Tea1690\NeoGC\1690Main.cpp(1329,38): warning C4244: 'argument': conversion from 'double' to 'float', possible loss of data
C:\Users\goodn\source\repos\Tea1690\NeoGC\1690Main.cpp(1331,99): warning C4305: 'argument': truncation from 'double' to 'float'
C:\Users\goodn\source\repos\Tea1690\NeoGC\1690Main.cpp(1331,85): warning C4244: 'argument': conversion from 'double' to 'float', possible loss of data
C:\Users\goodn\source\repos\Tea1690\NeoGC\1690Main.cpp(1331,38): warning C4244: 'argument': conversion from 'double' to 'float', possible loss of data
C:\Users\goodn\source\repos\Tea1690\NeoGC\1690Main.cpp(1333,99): warning C4305: 'argument': truncation from 'double' to 'float'
C:\Users\goodn\source\repos\Tea1690\NeoGC\1690Main.cpp(1333,85): warning C4244: 'argument': conversion from 'double' to 'float', possible loss of data
C:\Users\goodn\source\repos\Tea1690\NeoGC\1690Main.cpp(1333,38): warning C4244: 'argument': conversion from 'double' to 'float', possible loss of data
C:\Users\goodn\source\repos\Tea1690\NeoGC\1690Main.cpp(1335,99): warning C4305: 'argument': truncation from 'double' to 'float'
C:\Users\goodn\source\repos\Tea1690\NeoGC\1690Main.cpp(1335,85): warning C4244: 'argument': conversion from 'double' to 'float', possible loss of data
C:\Users\goodn\source\repos\Tea1690\NeoGC\1690Main.cpp(1335,38): warning C4244: 'argument': conversion from 'double' to 'float', possible loss of data
C:\Users\goodn\source\repos\Tea1690\NeoGC\1690Main.cpp(1337,99): warning C4305: 'argument': truncation from 'double' to 'float'
C:\Users\goodn\source\repos\Tea1690\NeoGC\1690Main.cpp(1337,85): warning C4244: 'argument': conversion from 'double' to 'float', possible loss of data
C:\Users\goodn\source\repos\Tea1690\NeoGC\1690Main.cpp(1337,38): warning C4244: 'argument': conversion from 'double' to 'float', possible loss of data
C:\Users\goodn\source\repos\Tea1690\NeoGC\1690Main.cpp(1339,99): warning C4305: 'argument': truncation from 'double' to 'float'
C:\Users\goodn\source\repos\Tea1690\NeoGC\1690Main.cpp(1339,85): warning C4244: 'argument': conversion from 'double' to 'float', possible loss of data
C:\Users\goodn\source\repos\Tea1690\NeoGC\1690Main.cpp(1339,38): warning C4244: 'argument': conversion from 'double' to 'float', possible loss of data
C:\Users\goodn\source\repos\Tea1690\NeoGC\1690Main.cpp(1341,99): warning C4305: 'argument': truncation from 'double' to 'float'
C:\Users\goodn\source\repos\Tea1690\NeoGC\1690Main.cpp(1341,85): warning C4244: 'argument': conversion from 'double' to 'float', possible loss of data
C:\Users\goodn\source\repos\Tea1690\NeoGC\1690Main.cpp(1341,38): warning C4244: 'argument': conversion from 'double' to 'float', possible loss of data
C:\Users\goodn\source\repos\Tea1690\NeoGC\1690Main.cpp(1344,99): warning C4305: 'argument': truncation from 'double' to 'float'
C:\Users\goodn\source\repos\Tea1690\NeoGC\1690Main.cpp(1344,85): warning C4244: 'argument': conversion from 'double' to 'float', possible loss of data
C:\Users\goodn\source\repos\Tea1690\NeoGC\1690Main.cpp(1344,38): warning C4244: 'argument': conversion from 'double' to 'float', possible loss of data
C:\Users\goodn\source\repos\Tea1690\NeoGC\1690Main.cpp(1346,99): warning C4305: 'argument': truncation from 'double' to 'float'
C:\Users\goodn\source\repos\Tea1690\NeoGC\1690Main.cpp(1346,85): warning C4244: 'argument': conversion from 'double' to 'float', possible loss of data
C:\Users\goodn\source\repos\Tea1690\NeoGC\1690Main.cpp(1346,38): warning C4244: 'argument': conversion from 'double' to 'float', possible loss of data
C:\Users\goodn\source\repos\Tea1690\NeoGC\1690Main.cpp(1348,99): warning C4305: 'argument': truncation from 'double' to 'float'
C:\Users\goodn\source\repos\Tea1690\NeoGC\1690Main.cpp(1348,85): warning C4244: 'argument': conversion from 'double' to 'float', possible loss of data
C:\Users\goodn\source\repos\Tea1690\NeoGC\1690Main.cpp(1348,38): warning C4244: 'argument': conversion from 'double' to 'float', possible loss of data
C:\Users\goodn\source\repos\Tea1690\NeoGC\1690Main.cpp(1375,121): warning C4305: 'argument': truncation from 'double' to 'float'
C:\Users\goodn\source\repos\Tea1690\NeoGC\1690Main.cpp(1375,107): warning C4244: 'argument': conversion from 'double' to 'float', possible loss of data
C:\Users\goodn\source\repos\Tea1690\NeoGC\1690Main.cpp(1375,50): warning C4244: 'argument': conversion from 'double' to 'float', possible loss of data
C:\Users\goodn\source\repos\Tea1690\NeoGC\1690Main.cpp(1396,117): warning C4305: 'argument': truncation from 'double' to 'float'
C:\Users\goodn\source\repos\Tea1690\NeoGC\1690Main.cpp(1396,103): warning C4244: 'argument': conversion from 'double' to 'float', possible loss of data
C:\Users\goodn\source\repos\Tea1690\NeoGC\1690Main.cpp(1396,46): warning C4244: 'argument': conversion from 'double' to 'float', possible loss of data
C:\Users\goodn\source\repos\Tea1690\NeoGC\1690Main.cpp(1404,87): warning C4305: 'argument': truncation from 'double' to 'float'
C:\Users\goodn\source\repos\Tea1690\NeoGC\1690Main.cpp(1404,73): warning C4244: 'argument': conversion from 'double' to 'float', possible loss of data
C:\Users\goodn\source\repos\Tea1690\NeoGC\1690Main.cpp(1404,38): warning C4244: 'argument': conversion from 'double' to 'float', possible loss of data
C:\Users\goodn\source\repos\Tea1690\NeoGC\1690Main.cpp(1406,75): warning C4244: 'argument': conversion from 'double' to 'float', possible loss of data
C:\Users\goodn\source\repos\Tea1690\NeoGC\1690Main.cpp(1406,38): warning C4244: 'argument': conversion from 'double' to 'float', possible loss of data
C:\Users\goodn\source\repos\Tea1690\NeoGC\1690Main.cpp(2046,100): warning C4305: 'argument': truncation from 'double' to 'float'
C:\Users\goodn\source\repos\Tea1690\NeoGC\1690Main.cpp(2046,86): warning C4244: 'argument': conversion from 'double' to 'float', possible loss of data
C:\Users\goodn\source\repos\Tea1690\NeoGC\1690Main.cpp(2046,46): warning C4244: 'argument': conversion from 'double' to 'float', possible loss of data
C:\Users\goodn\source\repos\Tea1690\NeoGC\1690Main.cpp(2047,105): warning C4305: 'argument': truncation from 'double' to 'float'
C:\Users\goodn\source\repos\Tea1690\NeoGC\1690Main.cpp(2047,91): warning C4244: 'argument': conversion from 'double' to 'float', possible loss of data
C:\Users\goodn\source\repos\Tea1690\NeoGC\1690Main.cpp(2047,46): warning C4244: 'argument': conversion from 'double' to 'float', possible loss of data
C:\Users\goodn\source\repos\Tea1690\NeoGC\1690Main.cpp(2048,100): warning C4305: 'argument': truncation from 'double' to 'float'
C:\Users\goodn\source\repos\Tea1690\NeoGC\1690Main.cpp(2048,86): warning C4244: 'argument': conversion from 'double' to 'float', possible loss of data
C:\Users\goodn\source\repos\Tea1690\NeoGC\1690Main.cpp(2048,46): warning C4244: 'argument': conversion from 'double' to 'float', possible loss of data
C:\Users\goodn\source\repos\Tea1690\NeoGC\1690Main.cpp(2053,86): warning C4244: 'argument': conversion from 'double' to 'float', possible loss of data
C:\Users\goodn\source\repos\Tea1690\NeoGC\1690Main.cpp(2053,50): warning C4244: 'argument': conversion from 'double' to 'float', possible loss of data
C:\Users\goodn\source\repos\Tea1690\NeoGC\1690Main.cpp(2055,31): warning C4305: '+=': truncation from 'double' to 'float'
  NeoGC.vcxproj -> C:\Users\goodn\source\repos\Tea1690\x64\Debug\1690Console.exe
